* Microsoft COBOL Version 4.5        L2.4 revision 002 26-May-20 14:18 Page   1
*                                       EM02.CBL
* Options: LIST(EM02.LST) ASMLIST(EM02.GRP)
     1 IDENTIFICATION DIVISION.
     2 PROGRAM-ID.       TAB01.
     3 AUTHOR.           MARIA VICTOR.
     4 INSTALLATION.     FATEC-SP.
     5 DATE-WRITTEN.     26/05/2020.
     6 DATE-COMPILED. 26-May-20 14:18.
     7 SECURITY. APENAS O AUTOR PODE MODIFICA-LO.
     8*REMARKS.  LE UM REGISTRO COM TABELA DE TEMPERATURA GRAVA
     9*          OS TOTAIS DA CIDADE EM UM REGISTRO.
    10
    11
    12 ENVIRONMENT             DIVISION.
    13
    14 CONFIGURATION SECTION.
    15       SOURCE-COMPUTER. MARIA-PC.
    16       OBJECT-COMPUTER. MARIA-PC.
    17       SPECIAL-NAMES.     DECIMAL-POINT IS COMMA.
    18 INPUT-OUTPUT SECTION.
    19 FILE-CONTROL.
    20
    21     SELECT   ARQ-ENT           ASSIGN      TO      DISK
    22     ORGANIZATION   IS           LINE         SEQUENTIAL.
    23     SELECT   CAD-SAI           ASSIGN      TO      DISK
    24     ORGANIZATION   IS           LINE         SEQUENTIAL.
    25
    26 DATA      DIVISION.
    27
    28 FILE SECTION.
    29 FD  ARQ-ENT
    30     LABEL         RECORD          ARE     STANDARD
    31     VALUE        OF FILE-ID       IS      "ARQ-ENT.DAT".
    32
    33 01   REG-ENT.
    34       02 COD-CIDADE      PIC 9(002).
    35       02 TEMP-CIDADE     PIC 9(003)
    36                OCCURS 10 TIMES.
    37 FD CAD-SAI
    38    LABEL RECORD ARE  STANDARD.
    39
    40 01  REG-SAI.
    41       02 COD-SAI         PIC 9(002).
    42       02 MEDIA-SAI       PIC 9(003)V9(02).
    43
    44
    45 WORKING-STORAGE SECTION.
    46
    47 77  FIM-ARQ          PIC X(03)            VALUE "NAO".
    48 77  CTR              PIC 9(02)            VALUE ZEROS.
    49 77  TOTAL            PIC 9(13)V9(04)      VALUE ZEROES.
    50
    51 PROCEDURE                                   DIVISION.
    52
    53 PGM-TAB01.
    54
    55         PERFORM    INICIO.
    56
    57         PERFORM    PRINCIPAL
* Microsoft COBOL Version 4.5        L2.4 revision 002 26-May-20 14:18 Page   2
*                                       EM02.CBL
    58              UNTIL   FIM-ARQ      EQUAL     "SIM".
    59     PERFORM    FIM.
    60
    61     STOP RUN.
    62
    63 INICIO.
    64
    65     OPEN INPUT       ARQ-ENT
    66          OUTPUT      CAD-SAI.
    67     PERFORM   LEITURA.
    68
    69
    70
    71 LEITURA.
    72     READ ARQ-ENT
    73          AT END
    74          MOVE "SIM" TO FIM-ARQ.
    75
    76
    77
    78
    79 PRINCIPAL.
    80
    81     PERFORM ACUMULA-TEMP.
    82     PERFORM GRAVA-SAI.
    83     PERFORM LEITURA.
    84
    85 ACUMULA-TEMP.
    86     MOVE    ZEROS        TO TOTAL.
    87     MOVE    1            TO CTR.
    88     PERFORM SOMA-TAB     10 TIMES.
    89     DIVIDE               10 INTO TOTAL.
    90
    91
    92 SOMA-TAB.
    93     ADD TEMP-CIDADE(CTR) TO TOTAL.
    94     ADD 1                TO CTR.
    95
    96 GRAVA-SAI.
    97     MOVE COD-CIDADE TO COD-SAI.
    98     MOVE TOTAL      TO MEDIA-SAI.
    99     WRITE REG-SAI.
   100
   101
   102 FIM.
   103
   104     CLOSE ARQ-ENT
   105           CAD-SAI.
   106
* Microsoft COBOL Version 4.5        L2.4 revision 002
* (C)Copyright Microsoft Corp 1984, 1991       URN AXUPA/MS0/000000
*                                              REF GNB-024050002A7
*
* Total Messages:     0
* Data:        1040     Code:         374     Dictionary:        1203
