* Microsoft COBOL Version 4.5        L2.4 revision 002 02-Jun-20 08:40 Page   1
*                                        EX.CBL
* Options: LIST(EX.LST) ASMLIST(EX.GRP)
     1 IDENTIFICATION DIVISION.
     2 PROGRAM-ID.       EX01.
     3 AUTHOR.           MARIA VICTOR.
     4 INSTALLATION.     FATEC-SP.
     5 DATE-WRITTEN.     18/05/2020.
     6 DATE-COMPILED. 02-Jun-20 08:40.
     7 SECURITY. APENAS O AUTOR PODE MODIFICA-LO.
     8*REMARKS.  LE OS REGISTRO DO ARQUIVO DE
     9*          ENTRADA CADCLI1 E GRAVA NO
    10*          ARQUIVO DE SAIDA CADCLI2
    11*          OS CAMPOS: CODIGO E NOME.
    12 ENVIRONMENT             DIVISION.
    13
    14 CONFIGURATION SECTION.
    15       SOURCE-COMPUTER. MARIA-PC.
    16       OBJECT-COMPUTER. MARIA-PC.
    17       SPECIAL-NAMES.     DECIMAL-POINT IS COMMA.
    18 INPUT-OUTPUT SECTION.
    19 FILE-CONTROL.
    20
    21     SELECT   ENTRADA       ASSIGN      TO      DISK
    22     ORGANIZATION   IS           LINE         SEQUENTIAL.
    23     SELECT   TRAB          ASSIGN      TO      DISK.
    24
    25     SELECT   SAIDA           ASSIGN      TO      DISK
    26     ORGANIZATION    IS         LINE          SEQUENTIAL.
    27 DATA                           DIVISION.
    28
    29 FILE SECTION.
    30 FD  ENTRADA
    31     LABEL         RECORD          ARE     STANDARD
    32     VALUE        OF FILE-ID       IS      "ENT.DAT".
    33
    34 01  REG-ENT.
    35       02 COD-ENT       PIC 9(04).
    36       02 NOME-ENT      PIC X(30).
    37
    38 SD  TRAB.
    39 01  REG-TRA.
    40     02 COD-TRAB        PIC X(04).
    41     02 NOME-TRAB       PIC X(30).
    42
    43
    44 FD  SAIDA
    45     LABEL         RECORD         ARE        STANDARD
    46     VALUE        OF FILE-ID      IS       "SAI.DAT".
    47
    48 01   REG-SAI.
    49      03 COD-SAI       PIC 9(04).
    50      03 NOME-SAI      PIC X(30).
    51
    52
    53 WORKING-STORAGE SECTION.
    54
    55 77  FIM-ARQ          PIC X(03)             VALUE   "NAO".
    56 PROCEDURE                                   DIVISION.
    57
* Microsoft COBOL Version 4.5        L2.4 revision 002 02-Jun-20 08:40 Page   2
*                                        EX.CBL
    58 PGM-EXE01.
    59
    60         SORT    TRAB
    61             ASCENDING KEY COD-TRAB
    62             USING ENTRADA
    63             GIVING SAIDA.
    64      STOP RUN.
    65
    66
    67
* Microsoft COBOL Version 4.5        L2.4 revision 002
* (C)Copyright Microsoft Corp 1984, 1991       URN AXUPA/MS0/000000
*                                              REF GNB-024050002A7
*
* Total Messages:     0
* Data:        1248     Code:         265     Dictionary:        1167
